{
    "-profile test --input test_chr_samplesheet.csv": {
        "content": [
            12,
            {
                "CHECK_IF_PAIRED_END": {
                    "samtools": 1.2
                },
                "FASTQC_POST_CONVERSION": {
                    "fastqc": "0.12.1"
                },
                "FASTQC_PRE_CONVERSION": {
                    "fastqc": "0.12.1"
                },
                "SAMTOOLS_CHR": {
                    "samtools": 1.2
                },
                "SAMTOOLS_CHR_INDEX": {
                    "samtools": 1.2
                },
                "SAMTOOLS_COLLATEFASTQ_SINGLE_END": {
                    "samtools": 1.2
                },
                "SAMTOOLS_FAIDX": {
                    "samtools": 1.2
                },
                "SAMTOOLS_FLAGSTAT": {
                    "samtools": 1.2
                },
                "SAMTOOLS_IDXSTATS": {
                    "samtools": 1.2
                },
                "SAMTOOLS_INDEX": {
                    "samtools": 1.2
                },
                "SAMTOOLS_STATS": {
                    "samtools": 1.2
                },
                "Workflow": {
                    "nf-core/bamtofastq": "v2.1.2dev"
                }
            },
            [
                "fastqc",
                "fastqc/test3.chrX_chrY_X_Y.post_conversion_fastqc.html",
                "fastqc/test3.chrX_chrY_X_Y.post_conversion_fastqc.zip",
                "fastqc/test3.pre_conversion_fastqc.html",
                "fastqc/test3.pre_conversion_fastqc.zip",
                "multiqc",
                "multiqc/multiqc_data",
                "multiqc/multiqc_data/multiqc.log",
                "multiqc/multiqc_data/multiqc_citations.txt",
                "multiqc/multiqc_data/multiqc_data.json",
                "multiqc/multiqc_data/multiqc_software_versions.txt",
                "multiqc/multiqc_data/multiqc_sources.txt",
                "multiqc/multiqc_report.html",
                "pipeline_info",
                "pipeline_info/nf_core_bamtofastq_software_mqc_versions.yml",
                "reads",
                "reads/test3.chrX_chrY_X_Y_other.fq.gz",
                "samtools",
                "samtools/test3.chrX_chrY_X_Y.bam",
                "samtools/test3.flagstat",
                "samtools/test3.idxstats",
                "samtools/test3.stats"
            ],
            [
                "multiqc_citations.txt:md5,4c806e63a283ec1b7e78cdae3a923d4f",
                "test3.chrX_chrY_X_Y_other.fq.gz:md5,6f79ab14a70e174ef178469e3a5febdd",
                "test3.flagstat:md5,7b43b975b0a395040bf1ee3c48f058e7",
                "test3.idxstats:md5,094096b6f303cc18892e1e027c87f273",
                "test3.stats:md5,aa5805de11bb5da3399131ca623ac952"
            ],
            [
                "test3.chrX_chrY_X_Y.bam:md5,ab0ddbdbb098c2c0a07988645c0e5d08"
            ],
            "No CRAM files"
        ],
        "meta": {
            "nf-test": "0.9.2",
            "nextflow": "24.10.6"
        },
        "timestamp": "2025-05-05T09:36:46.766611999"
    }
}