{
    "-profile test --input test_bam_samplesheet_no_bai.csv": {
        "content": [
            33,
            {
                "CHECK_IF_PAIRED_END": {
                    "samtools": 1.2
                },
                "COLLATE_FASTQ_MAP": {
                    "samtools": 1.21
                },
                "FASTQC_PRE_CONVERSION": {
                    "fastqc": "0.12.1"
                },
                "SAMTOOLS_COLLATEFASTQ_SINGLE_END": {
                    "samtools": 1.21
                },
                "SAMTOOLS_FAIDX": {
                    "samtools": 1.21
                },
                "SAMTOOLS_FLAGSTAT": {
                    "samtools": 1.21
                },
                "SAMTOOLS_IDXSTATS": {
                    "samtools": 1.21
                },
                "SAMTOOLS_INDEX": {
                    "samtools": 1.21
                },
                "SAMTOOLS_MERGE_UNMAP": {
                    "samtools": 1.21
                },
                "SAMTOOLS_STATS": {
                    "samtools": 1.21
                },
                "SAMTOOLS_VIEW_MAP_MAP": {
                    "samtools": 1.21
                },
                "SAMTOOLS_VIEW_MAP_UNMAP": {
                    "samtools": 1.21
                },
                "SAMTOOLS_VIEW_UNMAP_MAP": {
                    "samtools": 1.21
                },
                "SAMTOOLS_VIEW_UNMAP_UNMAP": {
                    "samtools": 1.21
                },
                "Workflow": {
                    "nf-core/bamtofastq": "v2.1.2dev"
                }
            },
            [
                "fastqc",
                "fastqc/test.pre_conversion_fastqc.html",
                "fastqc/test.pre_conversion_fastqc.zip",
                "fastqc/test2.pre_conversion_fastqc.html",
                "fastqc/test2.pre_conversion_fastqc.zip",
                "fastqc/test3.post_conversion_fastqc.html",
                "fastqc/test3.post_conversion_fastqc.zip",
                "fastqc/test3.pre_conversion_fastqc.html",
                "fastqc/test3.pre_conversion_fastqc.zip",
                "pipeline_info",
                "pipeline_info/nf_core_bamtofastq_software_mqc_versions.yml",
                "reads",
                "reads/test3_other.fq.gz",
                "samtools",
                "samtools/test.flagstat",
                "samtools/test.idxstats",
                "samtools/test.stats",
                "samtools/test2.flagstat",
                "samtools/test2.idxstats",
                "samtools/test2.stats",
                "samtools/test3.flagstat",
                "samtools/test3.idxstats",
                "samtools/test3.stats"
            ],
            [
                "test3_other.fq.gz:md5,d8a935709a2519d0af2b0e28631962f7",
                "test.flagstat:md5,a53f3d26e2e9851f7d528442bbfe9781",
                "test.idxstats:md5,e179601fa7b8ebce81ac3765206f6c15",
                "test.stats:md5,a15b3a5e59337db312d66020c7bb93ac",
                "test2.flagstat:md5,acbd95030a362a7e6491faa87d1b9c2c",
                "test2.idxstats:md5,90f01313bc89c7fd096aad051cd71b66",
                "test2.stats:md5,fae549c0c944f6cc34dd6d9b9569e3d3",
                "test3.flagstat:md5,7b43b975b0a395040bf1ee3c48f058e7",
                "test3.idxstats:md5,094096b6f303cc18892e1e027c87f273",
                "test3.stats:md5,a2994534537147cf4f3185bd867bc220"
            ],
            "No BAM files",
            "No CRAM files"
        ],
        "meta": {
            "nf-test": "0.9.2",
            "nextflow": "24.10.4"
        },
        "timestamp": "2025-05-14T14:28:42.36289"
    }
}